dbws/eclipselink.dbws.test.oracle.maven
dbws/org.eclipse.persistence.dbws.maven
foundation/eclipselink.core.test.maven
foundation/eclipselink.extension.oracle.spatial.test.maven
foundation/org.eclipse.persistence.corba.maven
foundation/org.eclipse.persistence.core.maven
foundation/org.eclipse.persistence.core.test.framework.maven
foundation/org.eclipse.persistence.extension.maven
foundation/org.eclipse.persistence.nosql.maven
foundation/org.eclipse.persistence.oracle.maven
foundation/org.eclipse.persistence.oracle.nosql.maven
bundles/org.eclipse.persistence.oracle.maven
bundles/org.eclipse.persistence.oracle.nosql.maven
jpa/eclipselink.jaxrs.test.maven
jpa/eclipselink.jpa.nosql.test.maven
jpa/eclipselink.jpa.oracle.test.maven
jpa/eclipselink.jpars.test.maven
jpa/eclipselink.jpa.spring.test.maven
jpa/eclipselink.jpa.test.jse.maven
jpa/eclipselink.jpa.test.maven
jpa/eclipselink.jpa.wdf.test.maven
jpa/org.eclipse.persistence.jpa.jpql.maven
jpa/org.eclipse.persistence.jpa.maven
jpa/org.eclipse.persistence.jpa.modelgen.maven
jpa/org.eclipse.persistence.jpars.maven
jpa/org.eclipse.persistence.jpa.test.framework.maven
moxy/org.eclipse.persistence.moxy.maven
moxy/org.eclipse.persistence.moxy.utils.xjc.maven
performance/eclipselink.perf.test.maven
plugins/org.eclipse.persistence.antlr.maven
plugins/org.eclipse.persistence.asm.maven
sdo/eclipselink.sdo.test.server.maven
sdo/org.eclipse.persistence.sdo.maven
utils/eclipselink.dbws.builder.test.oracle.maven
utils/eclipselink.dbws.builder.test.oracle.server.maven
utils/eclipselink.utils.rename.maven
utils/eclipselink.utils.sigcompare.maven
utils/org.eclipse.persistence.dbws.builder.maven