.idea
antbuild.properties
antbuild.xml
autobuild.properties
autobuild.xml
build
eclipselink.jar
jdk_hotspot_compiler
MAVENIZE.md
MAVENIZE.pdf
oraclebuild.xml
plugins/org.eclipse.persistence.antlr
plugins/org.eclipse.persistence.asm
plugins/readme.for.distribution
plugins/*.jar
plugins/*.zip
pom.xml.template
publishbuild.xml
root.iml
sharedlib.xml
sonar-project.properties
temp
uploadToMaven.xml
uploadToNexus.xml
buildsystem/ant_customizations.jar
buildsystem/compdeps
buildsystem/oraclelibs
buildsystem/org.eclipse.persistence.parent
dbws/eclipselink.dbws.test
dbws/eclipselink.dbws.test.oracle
dbws/org.eclipse.persistence.dbws
foundation/bin
foundation/eclipselink.core.test
foundation/eclipselink.extension.corba.test
foundation/eclipselink.extension.nosql.test
foundation/eclipselink.extension.oracle.nosql.test
foundation/eclipselink.extension.oracle.spatial.test
foundation/eclipselink.extension.oracle.test
foundation/eclipselink.extension.test
foundation/org.eclipse.persistence.corba
foundation/org.eclipse.persistence.core
foundation/org.eclipse.persistence.extension
foundation/org.eclipse.persistence.nosql
foundation/org.eclipse.persistence.oracle
foundation/org.eclipse.persistence.oracle.nosql
foundation/targets
jpa/eclipselink.jaxrs.test
jpa/eclipselink.jpars.test
jpa/eclipselink.jpa.spring.test
jpa/eclipselink.jpa.test
jpa/eclipselink.jpa.test.jse
jpa/eclipselink.jpa.wdf.test
jpa/org.eclipse.persistence.jpa
jpa/org.eclipse.persistence.jpa.jpql
jpa/org.eclipse.persistence.jpa.jpql.test
jpa/org.eclipse.persistence.jpa.modelgen
jpa/org.eclipse.persistence.jpars
jpa/plugins
moxy/bin
moxy/eclipselink.moxy.test
moxy/org.eclipse.persistence.moxy
moxy/org.eclipse.persistence.moxy.dynamicxjc
performance/eclipselink.perf.test
sdo/bin
sdo/eclipselink.sdo.test
sdo/eclipselink.sdo.test.server
sdo/org.eclipse.persistence.sdo
sdo/plugins
utils/eclipselink.dbws.builder.test
utils/eclipselink.dbws.builder.test.oracle
utils/eclipselink.dbws.builder.test.oracle.server
utils/eclipselink.utils.jaxb
utils/eclipselink.utils.rename
utils/eclipselink.utils.sigcompare
utils/eclipselink.utils.workbench
utils/eclipselink.utils.workbench.lib
utils/eclipselink.utils.workbench.test
utils/org.eclipse.persistence.dbws.builder
utils/plugins
